測試test.log不會上傳到倉庫
